Final time after extrapolation = 3.502745776843562
Processed run nC = 1, kao = 100.0, ntraj = 10 in 0.02 min
Processed run nC = 1, kao = 1000.0, ntraj = 10 in 0.00 min
Processed run nC = 1, kao = 10000.0, ntraj = 10 in 0.00 min
